// Jest Snapshot v1, https://goo.gl/fbAQLP

exports[`Test on WhatsAppBtn Componente should have snapshot 1`] = `
<div>
  <a
    href="https://api.whatsapp.com/send?text=https://domain.com/image.jpg"
    target="_blank"
  >
    <img
      src="./assets/social.png"
    />
  </a>
</div>
`;
